
> frontend@0.0.0 build
> vite build

[36mvite v8.0.3 [32mbuilding client environment for production...[36m[39m
[2K
transforming...Γ£ô 2688 modules transformed.
rendering chunks...
node.exe : [31mΓ£ù[39m Build failed in 1.44s
At C:\Program Files\nodejs\npm.ps1:29 char:3
+   & $NODE_EXE $NPM_CLI_JS $args
+   ~~~~~~~~~~~~~~~~~~~~~~~~~~~~~
    + CategoryInfo          : NotSpecified: ([31mΓ£ù 
   [39m Build failed in 1.44s:String) [], RemoteExcep  
  tion
    + FullyQualifiedErrorId : NativeCommandError
 
[31merror during build:
[31mBuild failed with 1 error:

[31m[MISSING_EXPORT] Error:[0m "ContentCopy" is not 
exported by 
"node_modules/lucide-react/dist/esm/lucide-react.js".
   
[38;5;246mΓò¡[0m[38;5;246mΓöÇ[0m[38;5;246m[[0m 
src/pages/Dashboard.jsx:5:38 [38;5;246m][0m
   [38;5;246mΓöé[0m
 [38;5;246m5 Γöé[0m [38;5;249mi[0m[38;5;249mm[0m
[38;5;249mp[0m[38;5;249mo[0m[38;5;249mr[0m[38;5;2
49mt[0m[38;5;249m [0m[38;5;249m{[0m[38;5;249m [0
m[38;5;249mB[0m[38;5;249me[0m[38;5;249ml[0m[38;5
;249ml[0m[38;5;249m,[0m[38;5;249m [0m[38;5;249mS
[0m[38;5;249me[0m[38;5;249ma[0m[38;5;249mr[0m[38
;5;249mc[0m[38;5;249mh[0m[38;5;249m,[0m[38;5;249m
 [0m[38;5;249mF[0m[38;5;249mi[0m[38;5;249ml[0m[
38;5;249mt[0m[38;5;249me[0m[38;5;249mr[0m[38;5;24
9m,[0m[38;5;249m [0m[38;5;249mP[0m[38;5;249ml[0m
[38;5;249mu[0m[38;5;249ms[0m[38;5;249m,[0m[38;5;
249m [0mContentCopy[38;5;249m,[0m[38;5;249m [0m[3
8;5;249mT[0m[38;5;249mr[0m[38;5;249ma[0m[38;5;249
ms[0m[38;5;249mh[0m[38;5;249m2[0m[38;5;249m,[0m
[38;5;249m [0m[38;5;249mE[0m[38;5;249md[0m[38;5;2
49mi[0m[38;5;249mt[0m[38;5;249m2[0m[38;5;249m,[0
m[38;5;249m [0m[38;5;249mL[0m[38;5;249mi[0m[38;5
;249mn[0m[38;5;249mk[0m[38;5;249m2[0m[38;5;249m,
[0m[38;5;249m [0m[38;5;249mM[0m[38;5;249mo[0m[38
;5;249mu[0m[38;5;249ms[0m[38;5;249me[0m[38;5;249m
P[0m[38;5;249mo[0m[38;5;249mi[0m[38;5;249mn[0m[
38;5;249mt[0m[38;5;249me[0m[38;5;249mr[0m[38;5;24
9mC[0m[38;5;249ml[0m[38;5;249mi[0m[38;5;249mc[0m
[38;5;249mk[0m[38;5;249m,[0m[38;5;249m [0m[38;5;
249mA[0m[38;5;249mc[0m[38;5;249mt[0m[38;5;249mi[
0m[38;5;249mv[0m[38;5;249mi[0m[38;5;249mt[0m[38;
5;249my[0m[38;5;249m,[0m[38;5;249m [0m[38;5;249mC
[0m[38;5;249ml[0m[38;5;249mo[0m[38;5;249mc[0m[3
8;5;249mk[0m[38;5;249m 
[0m[38;5;249m}[0m[38;5;249m [0m[38;5;249mf[0m[3
8;5;249mr[0m[38;5;249mo[0m[38;5;249mm[0m[38;5;249
m [0m[38;5;249m"[0m[38;5;249ml[0m[38;5;249mu[0m
[38;5;249mc[0m[38;5;249mi[0m[38;5;249md[0m[38;5;2
49me[0m[38;5;249m-[0m[38;5;249mr[0m[38;5;249me[0
m[38;5;249ma[0m[38;5;249mc[0m[38;5;249mt[0m[38;5
;249m"[0m[38;5;249m;[0m
 [38;5;240m  Γöé[0m                                  
    ΓöÇΓöÇΓöÇΓöÇΓöÇΓö¼ΓöÇΓöÇΓöÇΓöÇΓöÇ  
 [38;5;240m  Γöé[0m                                  
         Γò░ΓöÇΓöÇΓöÇΓöÇΓöÇΓöÇΓöÇ Missing export
[38;5;246mΓöÇΓöÇΓöÇΓò»[0m
[31m
    at aggregateBindingErrorsIntoJsError (file:///C:/Us
ers/sarfa/Desktop/URL_Shortner/frontend/node_modules/ro
lldown/dist/shared/error-BLhcSyeg.mjs:48:18)
    at unwrapBindingResult (file:///C:/Users/sarfa/Desk
top/URL_Shortner/frontend/node_modules/rolldown/dist/sh
ared/error-BLhcSyeg.mjs:18:128)
    at #build (file:///C:/Users/sarfa/Desktop/URL_Short
ner/frontend/node_modules/rolldown/dist/shared/rolldown
-build-CPrIX9V6.mjs:3313:34)
    at async buildEnvironment (file:///C:/Users/sarfa/D
esktop/URL_Shortner/frontend/node_modules/vite/dist/nod
e/chunks/node.js:32849:64)
    at async Object.build (file:///C:/Users/sarfa/Deskt
op/URL_Shortner/frontend/node_modules/vite/dist/node/ch
unks/node.js:33271:19)
    at async Object.buildApp (file:///C:/Users/sarfa/De
sktop/URL_Shortner/frontend/node_modules/vite/dist/node
/chunks/node.js:33268:153)
    at async CAC.<anonymous> (file:///C:/Users/sarfa/De
sktop/URL_Shortner/frontend/node_modules/vite/dist/node
/cli.js:778:3) {
  errors: [Getter/Setter]
}[39m
